"blank"					"=========================="
"blank"					"TF|2 Icepick"
"blank"					"=========================="
"+showscores"			"Toggle Spawnmenu"
"+zoom"					"^A8DFF700Physgun Grab"
"+use"					"^A8DFF700Physgun Rotation"
"+speed"				"^A8DFF700Physgun Rotation Snapping"
"toggle_noclip"			"Toggle Noclip"
"toggle_toolgun"		"Toggle Toolgun"
"undo"					"Remove last spawned prop"
"instant_respawn"		"Return to Spawn Point"
"toggleconsole"		"Toggle Developer Console"
"blank"          "=========================="
"blank"          "TF|2 SPEEDRUNNING"
"blank"          "=========================="
"save quicksave"      "Create Quicksave"
"load quicksave"      "Load Quicksave"
"save quicksave2"      "Create Second Quicksave"
"load quicksave2"      "Load Second Quicksave"
"save quicksave3"      "Create Third Quicksave"
"load quicksave3"      "Load Third Quicksave"
"toggle host_timescale .25 1"      "0.25x Speed"
"toggle host_timescale 5 1"      "5x Speed"
"sp_unlocks_level_0 0;sp_unlocks_level_1 0;sp_unlocks_level_2 0;sp_unlocks_level_3 0;sp_unlocks_level_4 0;sp_unlocks_level_5 0;sp_unlocks_level_6 0;sp_unlocks_level_7 0;sp_unlocks_level_8 0;sp_unlocks_level_9 0;sp_unlocks_level_10 0;sp_unlocks_level_11 0;sp_unlocks_level_12 0;sp_unlocks_level_13 0;sp_unlocks_level_14 0"      "Reset Helmets"
"give mp_weapon_shotgun"      "Spawn EVA Shotgun"
"give mp_weapon_epg"      "Spawn EPG"
"blank"          "=========================="
"blank"          "DEMOS"
"blank"          "=========================="
"_record demo"    "Record Demo Increment"
"record demo"     "Record Demo"
"stop"            "Stop Recording"
"demo_pause"      "Pause Demo"
"demo_resume"     "Resume Demo"
"demo_togglepause" "Toggle Play/Pause"
"blank"          "=========================="
"blank"          "EXTRAS"
"blank"          "=========================="
"toggle sv_gravity 200 750"      "Low Gravity"
"firstperson"           "First Person"
"thirdperson; thirdperson_mayamode 1; thirdperson_screenspace 1"          "Third Person"
"+camin"        "Third Person camera in"
"+camout"       "Third Person camera out"
"impulse 200" "Hide/Show Weapon"
"blank"					"=========================="
"blank"					"#KEY_BINDINGS_HEADER_ACTIONS"
"blank"					"=========================="
"+attack"				"#FIRE"
"+zoom"					"#AIM_MODIFIER"
"+toggle_zoom"			"#TOGGLE_AIM_MODIFIER"
"+reload"				"#RELOAD"
"+weaponCycle"			"#SWITCH_WEAPONS_PILOT"
"weaponSelectPrimary0"	"#SWITCH_TO_WEAPON1"
"weaponSelectPrimary1"	"#SWITCH_TO_WEAPON2"
"weaponSelectPrimary2"	"#SWITCH_TO_WEAPON3"
"+melee"				"#MELEE"
"+offhand0"				"#ORDNANCE_GRENADE"
"+offhand1"				"#TACTICAL_ABILITY"
"+offhand2"				"#TITAN_UTILITY_BIND"
"+use"					"#USE_DISEMBARK"
"+scriptCommand1"		"#DISABLE_EJECT_SAFETY_TITAN"
"+ability 1"			"#SWITCH_TITAN_AI_MODE_PILOT"
"+ability 6"			"#KEYBINDING_MENU_BURN_CARD"
"titan_loadout_select"	"#TITAN_LOADOUT_SELECT"
"blank"					"=========================="
"blank"					"#KEY_BINDINGS_HEADER_MOVEMENT"
"blank"					"=========================="
"+forward"				"#MOVE_FORWARD"
"+back"					"#MOVE_BACK"
"+moveleft"				"#MOVE_LEFT"
"+moveright"			"#MOVE_RIGHT"
"+speed"				"#SPRINT"
"+ability 3"			"#JUMP_PILOT_DASH_TITAN"
"+duck"					"#CROUCH"
"+toggle_duck"			"#TOGGLE_CROUCH"
"blank"					"=========================="
"blank"					"#KEY_BINDINGS_HEADER_COMMUNICATION"
"blank"					"=========================="
"+pushtotalk"			"#PUSH_TO_TALK_KEY"
"say"					"#CHAT_MESSAGE"
"say_team"				"#TEAM_CHAT_MESSAGE"
"blank"					"=========================="
"blank"					"#KEY_BINDINGS_HEADER_SCOREBOARD"
"blank"					"=========================="
"+showscores"			"#TOGGLE_SCOREBOARD"
"scoreboard_toggle_focus" "#SCOREBOARD_FOCUS"
"scoreboard_up"			"#SCOREBOARD_SCROLL_UP"
"scoreboard_down"		"#SCOREBOARD_SCROLL_DOWN"
"scoreboard_profile"	"#SCOREBOARD_VIEW_PROFILE"
"scoreboard_mute"		"#SCOREBOARD_MUTE"
"blank"					"=========================="
"blank"					"#KEY_BINDINGS_HEADER_MISCELLANEOUS"
"blank"					"=========================="
"jpeg"					"#SCREENSHOT"
"blank"					"=========================="
"blank"					"No Cutscene Saves"
"blank"					"=========================="
"load fastany1" "Load NCS Save 1"
"load fastany2" "Load NCS Save 2"
"load fastany3" "Load NCS Save 3"
"load fastany3SATCHEL" "Load NCS Save 3 (Satchel)"
"load fastany4" "Load NCS Save 4"
"load fastany4SATCHEL" "Load NCS Save 4 (Satchel)"
"load fastany4FRAG" "Load NCS Save 4 (Frag)"
"load fastany5" "Load NCS Save 5"
"load fastany6" "Load NCS Save 6"
"load fastany7" "Load NCS Save 7"
"load fastany8" "Load NCS Save 8"
"load fastany9" "Load NCS Save 9"
"blank"					"=========================="
"blank"					"No Cutscene Helmet Saves"
"blank"					"=========================="
"load fasthelms2" "Load NCS Helmet 1"
"load fasthelms5" "Load NCS Helmet 2"
